<?xml version="1.0"?>
<out><match/><match/></out>
