<?xml version="1.0"?>
<winelist>
  <wine>
    <winery>Benziger</winery>
    <product>Carneros</product>
  </wine>
</winelist>
