<?xml version="1.0"?>
<ul><li>Peter Märtens</li><li>Peter Möller</li><li>Peter Mueller</li></ul>
